
> gently@0.1.72 compile
> tsc -p ./

